// Jest Snapshot v1, https://goo.gl/fbAQLP

exports[`Message should render message that match snapshot 1`] = `
<div
  className="message container row "
>
  <div
    className="message-content"
  >
    <div
      className="message-icon"
    >
      <div
        className="fo fo-info"
        style={
          Object {
            "display": "none",
          }
        }
      />
      <div
        className="fo fo-success"
        style={
          Object {
            "display": "block",
          }
        }
      />
      <div
        className="fo fo-error"
        style={
          Object {
            "display": "none",
          }
        }
      />
    </div>
    <div
      className="message-text"
    >
      ok
    </div>
  </div>
  <div
    className="message-close"
    onClick={[Function]}
  >
    <div
      className="fo fo-close"
    />
  </div>
</div>
`;
