// Jest Snapshot v1, https://goo.gl/fbAQLP

exports[`ModalGallery Should match snapshot 1`] = `
<div
  className="media-modal-wrapper hidden"
>
  <div
    class="media-modal-backdrop"
  />
</div>
`;
