// Jest Snapshot v1, https://goo.gl/fbAQLP

exports[`Post should render post from props 1`] = `
<div
  className="post-container "
>
  <div
    className="post-time"
  >
    <span
      className="fo fo-clock"
    />
    <span
      className="post-time-header"
    >
      01-01-2001
    </span>
  </div>
  <div
    className="post-image-wrapper"
  >
    <a
      className="img-post-link"
      href="test.com/post.html"
    >
      <img
        alt=""
        className="post-image"
        src="test.com/image.jpg"
      />
    </a>
  </div>
  <div
    className="post-content"
  >
    <div
      className="post-title-wrapper"
    >
      <a
        className="title-post-link"
        href="test.com/post.html"
      >
        <span
          className="post-title"
        >
          Test title
        </span>
      </a>
    </div>
    <div
      className="post-description"
    >
      <span>
        Test
      </span>
    </div>
  </div>
  <div
    className="footer-post"
  >
    <span
      className="fo fo-download"
      onClick={[Function]}
    />
  </div>
</div>
`;
