// Jest Snapshot v1, https://goo.gl/fbAQLP

exports[`Posts should match snapshot 1`] = `
<div
  class="posts-wrapper"
>
  <div
    className="post-container "
  >
    <div
      className="post-time"
    >
      <span
        className="fo fo-clock"
      />
      <span
        className="post-time-header"
      >
        01-01-2001
      </span>
    </div>
    <div
      className="post-image-wrapper"
    >
      <a
        className="img-post-link"
        href="test.com/post.html"
      >
        <img
          alt=""
          className="post-image"
          src="test.com/image.jpg"
        />
      </a>
    </div>
    <div
      className="post-content"
    >
      <div
        className="post-title-wrapper"
      >
        <a
          className="title-post-link"
          href="test.com/post.html"
        >
          <span
            className="post-title"
          >
            Test title
          </span>
        </a>
      </div>
      <div
        className="post-description"
      >
        <span>
          Test
        </span>
      </div>
    </div>
    <div
      className="footer-post"
    >
      <span
        className="fo fo-download"
        onClick={[Function]}
      />
    </div>
  </div>
  <div
    className="post-container "
  >
    <div
      className="post-time"
    >
      <span
        className="fo fo-clock"
      />
      <span
        className="post-time-header"
      >
        01-01-2001
      </span>
    </div>
    <div
      className="post-image-wrapper"
    >
      <a
        className="img-post-link"
        href="test.com/post1.html"
      >
        <img
          alt=""
          className="post-image"
          src="test.com/image2.jpg"
        />
      </a>
    </div>
    <div
      className="post-content"
    >
      <div
        className="post-title-wrapper"
      >
        <a
          className="title-post-link"
          href="test.com/post1.html"
        >
          <span
            className="post-title"
          >
            Test title2
          </span>
        </a>
      </div>
      <div
        className="post-description"
      >
        <span>
          Test2
        </span>
      </div>
    </div>
    <div
      className="footer-post"
    >
      <span
        className="fo fo-download"
        onClick={[Function]}
      />
    </div>
  </div>
  <div
    className="post-container "
  >
    <div
      className="post-time"
    >
      <span
        className="fo fo-clock"
      />
      <span
        className="post-time-header"
      >
        01-01-2001
      </span>
    </div>
    <div
      className="post-image-wrapper"
    >
      <a
        className="img-post-link"
        href="test.com/post2.html"
      >
        <img
          alt=""
          className="post-image"
          src="test.com/image3.jpg"
        />
      </a>
    </div>
    <div
      className="post-content"
    >
      <div
        className="post-title-wrapper"
      >
        <a
          className="title-post-link"
          href="test.com/post2.html"
        >
          <span
            className="post-title"
          >
            Test title3
          </span>
        </a>
      </div>
      <div
        className="post-description"
      >
        <span>
          Test3
        </span>
      </div>
    </div>
    <div
      className="footer-post"
    >
      <span
        className="fo fo-download"
        onClick={[Function]}
      />
    </div>
  </div>
  <div
    className="post-container "
  >
    <div
      className="post-time"
    >
      <span
        className="fo fo-clock"
      />
      <span
        className="post-time-header"
      >
        01-01-2001
      </span>
    </div>
    <div
      className="post-image-wrapper"
    >
      <a
        className="img-post-link"
        href="test.com/post3.html"
      >
        <img
          alt=""
          className="post-image"
          src="test.com/image4.jpg"
        />
      </a>
    </div>
    <div
      className="post-content"
    >
      <div
        className="post-title-wrapper"
      >
        <a
          className="title-post-link"
          href="test.com/post3.html"
        >
          <span
            className="post-title"
          >
            Test title4
          </span>
        </a>
      </div>
      <div
        className="post-description"
      >
        <span>
          Test4
        </span>
      </div>
    </div>
    <div
      className="footer-post"
    >
      <span
        className="fo fo-download"
        onClick={[Function]}
      />
    </div>
  </div>
</div>
`;
