// Jest Snapshot v1, https://goo.gl/fbAQLP

exports[`Tab should render correctly  1`] = `
<h2
  className="main-tabs tab1 active-tab"
  onClick={[Function]}
>
  testTab
</h2>
`;
