// Jest Snapshot v1, https://goo.gl/fbAQLP

exports[`Gallery Page should render correctly 1`] = `
<div>
  <table
    className="settings-content"
  >
    <tbody>
      <tr>
        <th>
          <Connect(Translate)>
            Add gallery to post
          </Connect(Translate)>
        </th>
        <td>
          <Switch
            active={false}
            className="settings-switch add-gallery"
            fieldName="addGallery"
            onClick={[MockFunction]}
          />
        </td>
      </tr>
    </tbody>
  </table>
  <table
    className="sub-settings-content hidden"
  >
    <tbody>
      <tr>
        <th>
          <Connect(Translate)>
            Shortcode for gallery
          </Connect(Translate)>
        </th>
        <td>
          <Input
            className="settings-shortcode"
            fieldName="shortCode"
            onBlur={[MockFunction]}
          />
          <p
            className="description"
          >
            <Connect(Translate)>
              You can add short code for additional gallery plugin.More
            </Connect(Translate)>
              
            <a
              href="#"
            >
              <Connect(Translate)>
                info
              </Connect(Translate)>
            </a>
            .
          </p>
        </td>
      </tr>
      <tr>
        <th>
          <Connect(Translate)>
            Parameter name for gallery
          </Connect(Translate)>
        </th>
        <td>
          <Input
            className="settings-parameter-name"
            fieldName="parameterName"
            onBlur={[MockFunction]}
          />
          <p
            className="description"
          >
            <Connect(Translate)>
              You can specify name of parameter for pictures IDs.More
            </Connect(Translate)>
             
            <a
              href="#"
            >
              <Connect(Translate)>
                info
              </Connect(Translate)>
            </a>
            .
          </p>
        </td>
      </tr>
    </tbody>
  </table>
</div>
`;
