// Jest Snapshot v1, https://goo.gl/fbAQLP

exports[`General Page should render correctly 1`] = `
<table
  className="settings-content"
>
  <tbody>
    <tr>
      <th>
        <Connect(Translate)>
          Add a link to the source
        </Connect(Translate)>
      </th>
      <td>
        <Switch
          active={false}
          className="settings-switch add-link"
          fieldName="addSource"
          onClick={[MockFunction]}
        />
      </td>
    </tr>
  </tbody>
</table>
`;
