// Jest Snapshot v1, https://goo.gl/fbAQLP

exports[`Post Page should render correctly 1`] = `
<div>
  <table
    className="settings-content"
  >
    <tbody>
      <tr>
        <th>
          <Connect(Translate)>
            Add main image to post
          </Connect(Translate)>
        </th>
        <td>
          <Switch
            active={true}
            className="settings-switch parse-pictures"
            fieldName="addThumbnail"
            onClick={[MockFunction]}
          />
        </td>
      </tr>
      <tr>
        <th>
          <Connect(Translate)>
            Parse all pictures
          </Connect(Translate)>
        </th>
        <td>
          <Switch
            active={false}
            className="settings-switch download-pictures"
            fieldName="downloadPictures"
            onClick={[MockFunction]}
          />
          <p
            className="description"
          >
            <Connect(Translate)>
              Try to parse additional image from the page.More
            </Connect(Translate)>
             
            <a
              href="#"
            >
              <Connect(Translate)>
                info
              </Connect(Translate)>
            </a>
          </p>
        </td>
      </tr>
    </tbody>
  </table>
  <table
    className="sub-settings-content hidden"
  >
    <tbody>
      <tr>
        <th>
          <Connect(Translate)>
            Show select pictures dialog
          </Connect(Translate)>
        </th>
        <td>
          <Switch
            active={true}
            className="settings-switch download-pictures"
            fieldName="downloadPictures"
            onClick={[MockFunction]}
          />
          <p
            className="description"
          >
            <Connect(Translate)>
              Show preview of all parsed images in additional window.More
            </Connect(Translate)>
             
            <a
              href="#"
            >
              <Connect(Translate)>
                info
              </Connect(Translate)>
            </a>
          </p>
        </td>
      </tr>
      <tr>
        <th>
          <Connect(Translate)>
            Maximum pictures to add
          </Connect(Translate)>
        </th>
        <td>
          <InputField
            className="settings-class-container"
            fieldName="MaxPictures"
            onBlur={[MockFunction]}
            onEnterPress={[MockFunction]}
            value={5}
          />
          <p
            className="description"
          >
            <Connect(Translate)>
              You can specify maximum number of pictures to add to your post
            </Connect(Translate)>
          </p>
        </td>
      </tr>
    </tbody>
  </table>
</div>
`;
